Testing ... done.
Benchmark ... done.
Start a random walk ... 
done (34012 nodes).
Check invariants ...
Check invariants for non-aggregated graph ...
Aggregate graph ...
Check invariants for aggregated graph ...
Check total number of calls ...
Check reachability invariant ...
